Microchip MPLAB XC8 Compiler V1.45 ()

Linker command line:

-W-3 --edf=C:\Program Files (x86)\Microchip\xc8\v1.45\dat\en_msgs.txt \
  -pivt0x8=08h -cs \
  -h+dist/default/production\trafikkorsning.X.production.sym \
  --cmf=dist/default/production\trafikkorsning.X.production.cmf -z \
  -Q18F45K42 -oC:\Users\jocke\AppData\Local\Temp\s9oc.2 \
  -Mdist/default/production/trafikkorsning.X.production.map -E1 -ver=XC8 \
  -ASTACK=0A0h-07ffh -pstack=STACK -ACODE=00h-07FFFh -ACONST=00h-07FFFh \
  -ASMALLCONST=0800h-08FFhx120 -AMEDIUMCONST=0800h-07FFFh -ACOMRAM=01h-05Fh \
  -AABS1=00h-07FFh -ABIGRAM=01h-07FFh -ARAM=060h-0FFh,0100h-01FFhx7 \
  -ABANK0=060h-0FFh -ABANK1=0100h-01FFh -ABANK2=0200h-02FFh \
  -ABANK3=0300h-03FFh -ABANK4=0400h-04FFh -ABANK5=0500h-05FFh \
  -ABANK6=0600h-06FFh -ABANK7=0700h-07FFh \
  -ASFR=03800h-038FFhx7,03F00h-03F5Fh,03F60h-03FFFh -preset_vec=00h \
  -ppowerup=CODE,init -pramtop=0800h -psmallconst=SMALLCONST \
  -pmediumconst=MEDIUMCONST -pconst=CONST -AFARRAM=00h-00h \
  -ACONFIG=0300000h-0300009h -pconfig=CONFIG -AIDLOC=0200000h-020000Fh \
  -pidloc=IDLOC -AEEDATA=0310000h-03100FFh -peeprom_data=EEDATA \
  -prdata=COMRAM,nvrram=COMRAM,nvbit=COMRAM,rbss=COMRAM,rbit=COMRAM \
  -pfarbss=FARRAM,fardata=FARRAM,nvFARRAM=FARRAM \
  -pintsave_regs=BIGRAM,bigbss=BIGRAM,bigdata=BIGRAM -pbss=RAM \
  -pidata=CODE,irdata=CODE,ibigdata=CODE,ifardata=CODE -prparam=COMRAM \
  C:\Users\jocke\AppData\Local\Temp\s9oc.obj \
  dist/default/production\trafikkorsning.X.production.obj \
  build/default/production/eeprom.obj 

Object code version is 3.11

Machine type is 18F45K42

Call graph: (short form)




                Name                               Link     Load   Length Selector   Space Scale
C:\Users\jocke\AppData\Local\Temp\s9oc.obj
                init                                 AE       AE        4        4       0
                reset_vec                             0        0        4        0       0
                idloc                            200000   200000       10   200000       0
                config                           300000   300000        A   300000       0
dist/default/production\trafikkorsning.X.production.obj
                eeprom_data                      310000   310000        8   310000       0
                mediumconst                        7D5A     7D5A      2A6     3EAD       0
                ivt0x8                                8        8       A6        4       0
                text21                              B0C      B0C       42      2C3       0
                text20                              9E0      9E0       56        4       0
                text19                              7F0      7F0       7A        4       0
                text18                              C0C      C0C        2      303       0
                text17                              B7C      B7C       2E      2C3       0
                text16                              BAA      BAA       20      2C3       0
                text15                              4E8      4E8       F6        4       0
                text14                              BCA      BCA       1A      2C3       0
                text13                              98A      98A       56        4       0
                text12                              AC4      AC4       46        4       0
                text11                              368      368      180        4       0
                text10                              930      930       5A        4       0
                text9                               8CE      8CE       62        4       0
                text8                               BFA      BFA       10      2C3       0
                text7                               86A      86A       64        4       0
                text6                               A7E      A7E       46        4       0
                text5                                B2       B2      2B6        4       0
                text4                               BE4      BE4       16      2C3       0
                text3                               69E      69E       B4        4       0
                text2                               752      752       9E        4       0
                text1                               A36      A36       48        4       0
                text0                               5DE      5DE       C0        4       0
                cstackCOMRAM                          1        1       38        1       1
                bssBANK0                             60       60       40       60       1
                bssCOMRAM                            39       39        8        1       1
                cinit                               B4E      B4E       2E      2C3       0
                nvCOMRAM                             41       41        1        1       1
build/default/production/eeprom.obj
                

TOTAL           Name                               Link     Load   Length     Space
        CLASS   STACK          

        CLASS   CODE           
                init                                 AE       AE        4         0
                reset_vec                             0        0        4         0
                ivt0x8                                8        8       A6         0
                text21                              B0C      B0C       42         0
                text20                              9E0      9E0       56         0
                text19                              7F0      7F0       7A         0
                text18                              C0C      C0C        2         0
                text17                              B7C      B7C       2E         0
                text16                              BAA      BAA       20         0
                text15                              4E8      4E8       F6         0
                text14                              BCA      BCA       1A         0
                text13                              98A      98A       56         0
                text12                              AC4      AC4       46         0
                text11                              368      368      180         0
                text10                              930      930       5A         0
                text9                               8CE      8CE       62         0
                text8                               BFA      BFA       10         0
                text7                               86A      86A       64         0
                text6                               A7E      A7E       46         0
                text5                                B2       B2      2B6         0
                text4                               BE4      BE4       16         0
                text3                               69E      69E       B4         0
                text2                               752      752       9E         0
                text1                               A36      A36       48         0
                text0                               5DE      5DE       C0         0
                cinit                               B4E      B4E       2E         0

        CLASS   CONST          

        CLASS   SMALLCONST     

        CLASS   MEDIUMCONST    
                mediumconst                        7D5A     7D5A      2A6         0

        CLASS   COMRAM         
                cstackCOMRAM                          1        1       38         1
                bssCOMRAM                            39       39        8         1
                nvCOMRAM                             41       41        1         1

        CLASS   ABS1           

        CLASS   BIGRAM         

        CLASS   RAM            

        CLASS   BANK0          
                bssBANK0                             60       60       40         1

        CLASS   BANK1          

        CLASS   BANK2          

        CLASS   BANK3          

        CLASS   BANK4          

        CLASS   BANK5          

        CLASS   BANK6          

        CLASS   BANK7          

        CLASS   SFR            

        CLASS   FARRAM         

        CLASS   CONFIG         
                config                           300000   300000        A         0

        CLASS   IDLOC          
                idloc                            200000   200000       10         0

        CLASS   EEDATA         
                eeprom_data                      310000   310000        8         0



SEGMENTS        Name                           Load    Length   Top    Selector   Space  Class

                reset_vec                      000000  000004  000004         0       0  CODE    
                cstackCOMRAM                   000001  000041  000042         1       1  COMRAM  
                ivt0x8                         000008  000B02  000B0A         4       0  CODE    
                bssBANK0                       000060  000040  0000A0        60       1  BANK0   
                text21                         000B0C  0000FE  000C0A       2C3       0  CODE    
                text18                         000C0C  000002  000C0E       303       0  CODE    
                mediumconst                    007D5A  0002A6  008000      3EAD       0  MEDIUMCO
                idloc                          200000  000010  200010    200000       0  IDLOC   
                config                         300000  00000A  30000A    300000       0  CONFIG  
                eeprom_data                    310000  000008  310008    310000       0  EEDATA  


UNUSED ADDRESS RANGES

        Name                Unused          Largest block    Delta
        BANK0            0000A0-0000FF               60
        BANK1            000100-0001FF              100
        BANK2            000200-0002FF              100
        BANK3            000300-0003FF              100
        BANK4            000400-0004FF              100
        BANK5            000500-0005FF              100
        BANK6            000600-0006FF              100
        BANK7            000700-0007FF              100
        BIGRAM           000042-00005F               1E
                         0000A0-0007FF              760
        CODE             000004-000007                4
                         000B0A-000B0B                2
                         000C0A-000C0B                2
                         000C0E-007D59             714C
        COMRAM           000042-00005F               1E
        CONST            000004-000007                4
                         000B0A-000B0B                2
                         000C0A-000C0B                2
                         000C0E-007D59             714C
        EEDATA           310008-3100FF               F8
        MEDIUMCONST      000B0A-000B0B                2
                         000C0A-000C0B                2
                         000C0E-007D59             714C
        RAM              0000A0-0007FF              100
        SFR              003800-003FFF              100
        SMALLCONST       000B0A-000B0B                2
                         000C0A-000C0B                2
                         000C0E-007D59              100
        STACK            0000A0-0007FF              760

                                  Symbol Table

?___lwdiv                     cstackCOMRAM 00000E
?___lwmod                     cstackCOMRAM 000015
?___wmul                      cstackCOMRAM 00000E
?_atoi                        cstackCOMRAM 000014
?_sprintf                     cstackCOMRAM 00001A
?_strcmp                      cstackCOMRAM 00000E
?_strlen                      cstackCOMRAM 00000E
IVTBASEH                      (abs)        003FD6
IVTBASEL                      (abs)        003FD5
IVTBASEU                      (abs)        003FD7
_ANSELBbits                   (abs)        003A50
_ANSELD                       (abs)        003A70
_Default_ISR                  text18       000C0C
_GIE                          (abs)        01FE97
_INTCON0bits                  (abs)        003FD2
_IPR3bits                     (abs)        003983
_IPR4bits                     (abs)        003984
_IVTBASEH                     (abs)        003FD6
_IVTBASEL                     (abs)        003FD5
_IVTBASEU                     (abs)        003FD7
_IVTLOCK                      (abs)        003FD4
_IVTLOCKbits                  (abs)        003FD4
_LATD                         (abs)        003FBD
_LATDbits                     (abs)        003FBD
_NVMADRL                      (abs)        0039E0
_NVMCON1bits                  (abs)        0039E5
_NVMCON2                      (abs)        0039E6
_NVMDAT                       (abs)        0039E3
_PIE3bits                     (abs)        003993
_PIE4bits                     (abs)        003994
_PIR3bits                     (abs)        0039A3
_PIR4bits                     (abs)        0039A4
_PORTBbits                    (abs)        003FCB
_RB4PPS                       (abs)        003A0C
_T1CLK                        (abs)        003FB5
_T1CONbits                    (abs)        003FB2
_T1GATE                       (abs)        003FB4
_T1GCON                       (abs)        003FB3
_TMR1H                        (abs)        003FB1
_TMR1L                        (abs)        003FB0
_TRISBbits                    (abs)        003FC3
_TRISD                        (abs)        003FC5
_U1BRGH                       (abs)        003DF6
_U1BRGL                       (abs)        003DF5
_U1CON0bits                   (abs)        003DF2
_U1CON1bits                   (abs)        003DF3
_U1ERRIRbits                  (abs)        003DF9
_U1RXB                        (abs)        003DE8
_U1RXPPSbits                  (abs)        003AE5
_U1TXB                        (abs)        003DEA
__CFG_FEXTOSC$HS              (abs)        000000
__CFG_LVP$OFF                 (abs)        000000
__CFG_RSTOSC$EXTOSC           (abs)        000000
__CFG_WDTE$OFF                (abs)        000000
__CFG_WRTD$OFF                (abs)        000000
__HRAM                        (abs)        000000
__Habs1                       abs1         000000
__Hbank0                      bank0        000000
__Hbank1                      bank1        000000
__Hbank2                      bank2        000000
__Hbank3                      bank3        000000
__Hbank4                      bank4        000000
__Hbank5                      bank5        000000
__Hbank6                      bank6        000000
__Hbank7                      bank7        000000
__Hbigbss                     bigbss       000000
__Hbigdata                    bigdata      000000
__Hbigram                     bigram       000000
__Hbss                        bss          000000
__HbssBANK0                   bssBANK0     000000
__HbssCOMRAM                  bssCOMRAM    000000
__Hcinit                      cinit        000000
__Hclrtext                    clrtext      000000
__Hcomram                     comram       000000
__Hconfig                     config       30000A
__Hconst                      const        000000
__HcstackCOMRAM               cstackCOMRAM 000000
__Hdata                       data         000000
__Heeprom_data                eeprom_data  310008
__Hfarbss                     farbss       000000
__Hfardata                    fardata      000000
__Hibigdata                   ibigdata     000000
__Hidata                      idata        000000
__Hidloc                      idloc        200010
__Hifardata                   ifardata     000000
__Hinit                       init         0000B2
__Hintsave_regs               intsave_regs 000000
__Hirdata                     irdata       000000
__Hivt0x8                     ivt0x8       0000AE
__Hmediumconst                mediumconst  008000
__HnvCOMRAM                   nvCOMRAM     000000
__HnvFARRAM                   nvFARRAM     000000
__Hnvbit                      nvbit        000000
__Hnvrram                     nvrram       000000
__Hparam                      rparam       000000
__Hpowerup                    powerup      000000
__Hram                        ram          000000
__Hramtop                     ramtop       000800
__Hrbit                       rbit         000000
__Hrbss                       rbss         000000
__Hrdata                      rdata        000000
__Hreset_vec                  reset_vec    000004
__Hrparam                     rparam       000000
__Hsfr                        sfr          000000
__Hsmallconst                 smallconst   000000
__Hspace_0                    (abs)        310008
__Hspace_1                    (abs)        0000A0
__Hspace_2                    (abs)        000000
__Hstack                      stack        000000
__Hstruct                     struct       000000
__Htemp                       temp         000000
__Htext                       text         000000
__Htext0                      text0        000000
__Htext1                      text1        000000
__Htext10                     text10       000000
__Htext11                     text11       000000
__Htext12                     text12       000000
__Htext13                     text13       000000
__Htext14                     text14       000000
__Htext15                     text15       000000
__Htext16                     text16       000000
__Htext17                     text17       000000
__Htext18                     text18       000000
__Htext19                     text19       000000
__Htext2                      text2        000000
__Htext20                     text20       000000
__Htext21                     text21       000000
__Htext3                      text3        000000
__Htext4                      text4        000000
__Htext5                      text5        000000
__Htext6                      text6        000000
__Htext7                      text7        000000
__Htext8                      text8        000000
__Htext9                      text9        000000
__LRAM                        (abs)        000001
__Labs1                       abs1         000000
__Lbank0                      bank0        000000
__Lbank1                      bank1        000000
__Lbank2                      bank2        000000
__Lbank3                      bank3        000000
__Lbank4                      bank4        000000
__Lbank5                      bank5        000000
__Lbank6                      bank6        000000
__Lbank7                      bank7        000000
__Lbigbss                     bigbss       000000
__Lbigdata                    bigdata      000000
__Lbigram                     bigram       000000
__Lbss                        bss          000000
__LbssBANK0                   bssBANK0     000000
__LbssCOMRAM                  bssCOMRAM    000000
__Lcinit                      cinit        000000
__Lclrtext                    clrtext      000000
__Lcomram                     comram       000000
__Lconfig                     config       300000
__Lconst                      const        000000
__LcstackCOMRAM               cstackCOMRAM 000000
__Ldata                       data         000000
__Leeprom_data                eeprom_data  310000
__Lfarbss                     farbss       000000
__Lfardata                    fardata      000000
__Libigdata                   ibigdata     000000
__Lidata                      idata        000000
__Lidloc                      idloc        200000
__Lifardata                   ifardata     000000
__Linit                       init         0000AE
__Lintsave_regs               intsave_regs 000000
__Lirdata                     irdata       000000
__Livt0x8                     ivt0x8       000008
__Lmediumconst                mediumconst  007D5A
__LnvCOMRAM                   nvCOMRAM     000000
__LnvFARRAM                   nvFARRAM     000000
__Lnvbit                      nvbit        000000
__Lnvrram                     nvrram       000000
__Lparam                      rparam       000000
__Lpowerup                    powerup      000000
__Lram                        ram          000000
__Lramtop                     ramtop       000800
__Lrbit                       rbit         000000
__Lrbss                       rbss         000000
__Lrdata                      rdata        000000
__Lreset_vec                  reset_vec    000000
__Lrparam                     rparam       000000
__Lsfr                        sfr          000000
__Lsmallconst                 smallconst   000000
__Lspace_0                    (abs)        000000
__Lspace_1                    (abs)        000000
__Lspace_2                    (abs)        000000
__Lstack                      stack        000000
__Lstruct                     struct       000000
__Ltemp                       temp         000000
__Ltext                       text         000000
__Ltext0                      text0        000000
__Ltext1                      text1        000000
__Ltext10                     text10       000000
__Ltext11                     text11       000000
__Ltext12                     text12       000000
__Ltext13                     text13       000000
__Ltext14                     text14       000000
__Ltext15                     text15       000000
__Ltext16                     text16       000000
__Ltext17                     text17       000000
__Ltext18                     text18       000000
__Ltext19                     text19       000000
__Ltext2                      text2        000000
__Ltext20                     text20       000000
__Ltext21                     text21       000000
__Ltext3                      text3        000000
__Ltext4                      text4        000000
__Ltext5                      text5        000000
__Ltext6                      text6        000000
__Ltext7                      text7        000000
__Ltext8                      text8        000000
__Ltext9                      text9        000000
__S0                          (abs)        310008
__S1                          (abs)        0000A0
__S2                          (abs)        000000
___inthi_sp                   stack        000000
___intlo_sp                   stack        000000
___lwdiv                      text13       00098A
___lwdiv@counter              cstackCOMRAM 000014
___lwdiv@dividend             cstackCOMRAM 00000E
___lwdiv@divisor              cstackCOMRAM 000010
___lwdiv@quotient             cstackCOMRAM 000012
___lwmod                      text12       000AC4
___lwmod@counter              cstackCOMRAM 000019
___lwmod@dividend             cstackCOMRAM 000015
___lwmod@divisor              cstackCOMRAM 000017
___param_bank                 (abs)        000000
___rparam_used                (abs)        000001
___sp                         stack        000000
___wmul                       text17       000B7C
___wmul@multiplicand          cstackCOMRAM 000010
___wmul@multiplier            cstackCOMRAM 00000E
___wmul@product               cstackCOMRAM 000012
__accesstop                   (abs)        000060
__activetblptr                (abs)        000002
__end_of_Default_ISR          text18       000C0E
__end_of___lwdiv              text13       0009E0
__end_of___lwmod              text12       000B0A
__end_of___wmul               text17       000BAA
__end_of__initialization      cinit        000B72
__end_of_atoi                 text15       0005DE
__end_of_command_exec         text5        000368
__end_of_dpowers              mediumconst  007D65
__end_of_isdigit              text16       000BCA
__end_of_isr_uart1_rx         text19       00086A
__end_of_main                 text0        00069E
__end_of_memcpy               text20       000A36
__end_of_read_eeprom          text14       000BE4
__end_of_reset_timer1         text4        000BFA
__end_of_sprintf              text11       0004E8
__end_of_strcmp               text10       00098A
__end_of_strlen               text9        000930
__end_of_tmr1_isr             text21       000B4E
__end_of_traffic_light_logic  text3        000752
__end_of_traffic_lights_init  text2        0007F0
__end_of_uart1_init           text1        000A7E
__end_of_uart1_write          text8        000C0A
__end_of_uart1_write_string   text7        0008CE
__end_of_write_eeprom         text6        000AC4
__initialization              cinit        000B4E
__mediumconst                 mediumconst  007D5A
__pbssBANK0                   bssBANK0     000060
__pbssCOMRAM                  bssCOMRAM    000039
__pcinit                      cinit        000B4E
__pcstackCOMRAM               cstackCOMRAM 000001
__pivt0x8                     ivt0x8       000008
__pmediumconst                mediumconst  007D5A
__pnvCOMRAM                   nvCOMRAM     000041
__ptext0                      text0        0005DE
__ptext1                      text1        000A36
__ptext10                     text10       000930
__ptext11                     text11       000368
__ptext12                     text12       000AC4
__ptext13                     text13       00098A
__ptext14                     text14       000BCA
__ptext15                     text15       0004E8
__ptext16                     text16       000BAA
__ptext17                     text17       000B7C
__ptext18                     text18       000C0C
__ptext19                     text19       0007F0
__ptext2                      text2        000752
__ptext20                     text20       0009E0
__ptext21                     text21       000B0C
__ptext3                      text3        00069E
__ptext4                      text4        000BE4
__ptext5                      text5        0000B2
__ptext6                      text6        000A7E
__ptext7                      text7        00086A
__ptext8                      text8        000BFA
__ptext9                      text9        0008CE
__ramtop                      ramtop       000800
__size_of_Default_ISR         (abs)        000000
__size_of___lwdiv             (abs)        000000
__size_of___lwmod             (abs)        000000
__size_of___wmul              (abs)        000000
__size_of_atoi                (abs)        000000
__size_of_command_exec        (abs)        000000
__size_of_isdigit             (abs)        000000
__size_of_isr_uart1_rx        (abs)        000000
__size_of_main                (abs)        000000
__size_of_memcpy              (abs)        000000
__size_of_read_eeprom         (abs)        000000
__size_of_reset_timer1        (abs)        000000
__size_of_sprintf             (abs)        000000
__size_of_strcmp              (abs)        000000
__size_of_strlen              (abs)        000000
__size_of_tmr1_isr            (abs)        000000
__size_of_traffic_light_logic (abs)        000000
__size_of_traffic_lights_init (abs)        000000
__size_of_uart1_init          (abs)        000000
__size_of_uart1_write         (abs)        000000
__size_of_uart1_write_string  (abs)        000000
__size_of_write_eeprom        (abs)        000000
__smallconst                  smallconst   000000
_atoi                         text15       0004E8
_buffer_index                 bssCOMRAM    00003C
_command                      bssBANK0     000060
_command_exec                 text5        0000B2
_dpowers                      mediumconst  007D5B
_isdigit                      text16       000BAA
_isdigit$1204                 cstackCOMRAM 00000F
_isr_uart1_rx                 text19       0007F0
_main                         text0        0005DE
_memcpy                       text20       0009E0
_read_eeprom                  text14       000BCA
_reset_timer1                 text4        000BE4
_s_button_pressed_counter     bssCOMRAM    00003D
_s_counter                    bssCOMRAM    00003F
_s_red_counter                bssCOMRAM    00003E
_s_transition_counter         nvCOMRAM     000041
_sprintf                      text11       000368
_strcmp                       text10       000930
_strlen                       text9        0008CE
_tf_state                     bssCOMRAM    000040
_timer1_counter_value         bssCOMRAM    000039
_tmr1_isr                     text21       000B0C
_traffic_light_logic          text3        00069E
_traffic_lights_init          text2        000752
_uart1_init                   text1        000A36
_uart1_write                  text8        000BFA
_uart1_write_string           text7        00086A
_uart_command_flag            bssCOMRAM    00003B
_uart_rx_buffer               bssBANK0     000080
_write_eeprom                 text6        000A7E
atoi@a                        cstackCOMRAM 000019
atoi@s                        cstackCOMRAM 000014
atoi@sign                     cstackCOMRAM 000018
command_exec@c_cmd            cstackCOMRAM 000031
command_exec@c_param          cstackCOMRAM 000034
command_exec@s_buffer         cstackCOMRAM 000029
command_exec@value            cstackCOMRAM 000037
end_of_initialization         cinit        000B72
intlevel0                     text         000000
intlevel1                     text         000000
intlevel2                     text         000000
intlevel3                     text         000000
isdigit@c                     cstackCOMRAM 000010
ivt0x8_base                   ivt0x8       000008
ivt0x8_undefint               ivt0x8       0000AC
main@state                    cstackCOMRAM 000038
memcpy@d                      cstackCOMRAM 000007
memcpy@d1                     cstackCOMRAM 000001
memcpy@n                      cstackCOMRAM 000005
memcpy@s                      cstackCOMRAM 000009
memcpy@s1                     cstackCOMRAM 000003
memcpy@tmp                    cstackCOMRAM 00000B
read_eeprom@addr              cstackCOMRAM 00000E
sprintf@ap                    cstackCOMRAM 000021
sprintf@c                     cstackCOMRAM 000027
sprintf@f                     cstackCOMRAM 00001C
sprintf@flag                  cstackCOMRAM 000023
sprintf@prec                  cstackCOMRAM 000024
sprintf@sp                    cstackCOMRAM 00001A
sprintf@val                   cstackCOMRAM 000025
stackhi                       (abs)        0007FF
stacklo                       (abs)        0000A0
start                         init         0000AE
start_initialization          cinit        000B4E
strcmp@r                      cstackCOMRAM 000013
strcmp@s1                     cstackCOMRAM 00000E
strcmp@s2                     cstackCOMRAM 000010
strlen@cp                     cstackCOMRAM 000012
strlen@s                      cstackCOMRAM 00000E
uart1_write@tx_data           cstackCOMRAM 00000E
uart1_write_string@i          cstackCOMRAM 000018
uart1_write_string@s          cstackCOMRAM 000014
write_eeprom@GIEValue         cstackCOMRAM 000010
write_eeprom@addr             cstackCOMRAM 00000F
write_eeprom@data             cstackCOMRAM 00000E


FUNCTION INFORMATION:

 *************** function _main *****************
 Defined at:
		line 43 in file "main.c"
 Parameters:    Size  Location     Type
		None
 Auto vars:     Size  Location     Type
  state           1   55[COMRAM] unsigned char 
 Return value:  Size  Location     Type
                  1    wreg      void 
 Registers used:
		wreg, fsr0l, fsr0h, fsr2l, fsr2h, status,2, status,0, tblptrl, tblptrh, tblptru, prodl, prodh, cstack
 Tracked objects:
		On entry : 
		On exit  : 
		Unchanged: 
 Data sizes:     COMRAM   BANK0   BANK1   BANK2   BANK3   BANK4   BANK5   BANK6   BANK7
      Params:         0       0       0       0       0       0       0       0       0
      Locals:         1       0       0       0       0       0       0       0       0
      Temps:          0       0       0       0       0       0       0       0       0
      Totals:         1       0       0       0       0       0       0       0       0
Total ram usage:        1 bytes
 Hardware stack levels required when called:    5
 This function calls:
		_command_exec
		_traffic_light_logic
		_traffic_lights_init
		_uart1_init
		_uart1_write_string
 This function is called by:
		Startup code after reset
 This function uses a non-reentrant model


 *************** function _uart1_init *****************
 Defined at:
		line 3 in file "uart.c"
 Parameters:    Size  Location     Type
		None
 Auto vars:     Size  Location     Type
		None
 Return value:  Size  Location     Type
                  1    wreg      void 
 Registers used:
		wreg, status,2
 Tracked objects:
		On entry : 
		On exit  : 
		Unchanged: 
 Data sizes:     COMRAM   BANK0   BANK1   BANK2   BANK3   BANK4   BANK5   BANK6   BANK7
      Params:         0       0       0       0       0       0       0       0       0
      Locals:         0       0       0       0       0       0       0       0       0
      Temps:          0       0       0       0       0       0       0       0       0
      Totals:         0       0       0       0       0       0       0       0       0
Total ram usage:        0 bytes
 Hardware stack levels used:    1
 Hardware stack levels required when called:    2
 This function calls:
		Nothing
 This function is called by:
		_main
 This function uses a non-reentrant model


 *************** function _traffic_lights_init *****************
 Defined at:
		line 4 in file "traffic_lights.c"
 Parameters:    Size  Location     Type
		None
 Auto vars:     Size  Location     Type
		None
 Return value:  Size  Location     Type
                  1    wreg      void 
 Registers used:
		wreg, status,2, status,0, cstack
 Tracked objects:
		On entry : 
		On exit  : 
		Unchanged: 
 Data sizes:     COMRAM   BANK0   BANK1   BANK2   BANK3   BANK4   BANK5   BANK6   BANK7
      Params:         0       0       0       0       0       0       0       0       0
      Locals:         0       0       0       0       0       0       0       0       0
      Temps:          0       0       0       0       0       0       0       0       0
      Totals:         0       0       0       0       0       0       0       0       0
Total ram usage:        0 bytes
 Hardware stack levels used:    1
 Hardware stack levels required when called:    3
 This function calls:
		_read_eeprom
 This function is called by:
		_main
 This function uses a non-reentrant model


 *************** function _traffic_light_logic *****************
 Defined at:
		line 100 in file "traffic_lights.c"
 Parameters:    Size  Location     Type
		None
 Auto vars:     Size  Location     Type
		None
 Return value:  Size  Location     Type
                  1    wreg      void 
 Registers used:
		wreg, status,2, status,0, cstack
 Tracked objects:
		On entry : 
		On exit  : 
		Unchanged: 
 Data sizes:     COMRAM   BANK0   BANK1   BANK2   BANK3   BANK4   BANK5   BANK6   BANK7
      Params:         0       0       0       0       0       0       0       0       0
      Locals:         0       0       0       0       0       0       0       0       0
      Temps:          0       0       0       0       0       0       0       0       0
      Totals:         0       0       0       0       0       0       0       0       0
Total ram usage:        0 bytes
 Hardware stack levels used:    1
 Hardware stack levels required when called:    3
 This function calls:
		_reset_timer1
 This function is called by:
		_main
 This function uses a non-reentrant model


 *************** function _reset_timer1 *****************
 Defined at:
		line 86 in file "traffic_lights.c"
 Parameters:    Size  Location     Type
		None
 Auto vars:     Size  Location     Type
		None
 Return value:  Size  Location     Type
                  1    wreg      void 
 Registers used:
		wreg, status,2
 Tracked objects:
		On entry : 
		On exit  : 
		Unchanged: 
 Data sizes:     COMRAM   BANK0   BANK1   BANK2   BANK3   BANK4   BANK5   BANK6   BANK7
      Params:         0       0       0       0       0       0       0       0       0
      Locals:         0       0       0       0       0       0       0       0       0
      Temps:          0       0       0       0       0       0       0       0       0
      Totals:         0       0       0       0       0       0       0       0       0
Total ram usage:        0 bytes
 Hardware stack levels used:    1
 Hardware stack levels required when called:    2
 This function calls:
		Nothing
 This function is called by:
		_traffic_light_logic
 This function uses a non-reentrant model


 *************** function _command_exec *****************
 Defined at:
		line 95 in file "uart.c"
 Parameters:    Size  Location     Type
		None
 Auto vars:     Size  Location     Type
  s_buffer        8   40[COMRAM] unsigned char [8]
  c_param         3   51[COMRAM] unsigned char [3]
  c_cmd           3   48[COMRAM] unsigned char [3]
  value           1   54[COMRAM] unsigned char 
 Return value:  Size  Location     Type
                  1    wreg      void 
 Registers used:
		wreg, fsr0l, fsr0h, fsr2l, fsr2h, status,2, status,0, tblptrl, tblptrh, tblptru, prodl, prodh, cstack
 Tracked objects:
		On entry : 
		On exit  : 
		Unchanged: 
 Data sizes:     COMRAM   BANK0   BANK1   BANK2   BANK3   BANK4   BANK5   BANK6   BANK7
      Params:         0       0       0       0       0       0       0       0       0
      Locals:        15       0       0       0       0       0       0       0       0
      Temps:          1       0       0       0       0       0       0       0       0
      Totals:        16       0       0       0       0       0       0       0       0
Total ram usage:       16 bytes
 Hardware stack levels used:    1
 Hardware stack levels required when called:    4
 This function calls:
		_atoi
		_read_eeprom
		_sprintf
		_strcmp
		_strlen
		_uart1_write_string
		_write_eeprom
 This function is called by:
		_main
 This function uses a non-reentrant model


 *************** function _write_eeprom *****************
 Defined at:
		line 4 in file "eeprom.c"
 Parameters:    Size  Location     Type
  addr            1    wreg     unsigned char 
  data            1   13[COMRAM] unsigned char 
 Auto vars:     Size  Location     Type
  addr            1   14[COMRAM] unsigned char 
  GIEValue        1   15[COMRAM] unsigned char 
 Return value:  Size  Location     Type
                  1    wreg      void 
 Registers used:
		wreg, status,2
 Tracked objects:
		On entry : 
		On exit  : 
		Unchanged: 
 Data sizes:     COMRAM   BANK0   BANK1   BANK2   BANK3   BANK4   BANK5   BANK6   BANK7
      Params:         1       0       0       0       0       0       0       0       0
      Locals:         2       0       0       0       0       0       0       0       0
      Temps:          0       0       0       0       0       0       0       0       0
      Totals:         3       0       0       0       0       0       0       0       0
Total ram usage:        3 bytes
 Hardware stack levels used:    1
 Hardware stack levels required when called:    2
 This function calls:
		Nothing
 This function is called by:
		_command_exec
 This function uses a non-reentrant model


 *************** function _uart1_write_string *****************
 Defined at:
		line 68 in file "uart.c"
 Parameters:    Size  Location     Type
  s               2   19[COMRAM] PTR unsigned char 
		 -> STR_26(398), command_exec@s_buffer(8), STR_19(6), STR_18(21), 
		 -> STR_16(6), STR_15(21), STR_13(6), STR_12(21), 
		 -> STR_10(6), STR_8(41), STR_7(30), STR_6(32), 
		 -> STR_5(21), STR_4(25), STR_3(47), STR_2(20), 
		 -> STR_1(5), 
 Auto vars:     Size  Location     Type
  i               2   23[COMRAM] int 
 Return value:  Size  Location     Type
                  1    wreg      void 
 Registers used:
		wreg, fsr0l, fsr0h, status,2, status,0, tblptrl, tblptrh, tblptru, cstack
 Tracked objects:
		On entry : 
		On exit  : 
		Unchanged: 
 Data sizes:     COMRAM   BANK0   BANK1   BANK2   BANK3   BANK4   BANK5   BANK6   BANK7
      Params:         2       0       0       0       0       0       0       0       0
      Locals:         2       0       0       0       0       0       0       0       0
      Temps:          2       0       0       0       0       0       0       0       0
      Totals:         6       0       0       0       0       0       0       0       0
Total ram usage:        6 bytes
 Hardware stack levels used:    1
 Hardware stack levels required when called:    3
 This function calls:
		_strlen
		_uart1_write
 This function is called by:
		_main
		_command_exec
 This function uses a non-reentrant model


 *************** function _uart1_write *****************
 Defined at:
		line 62 in file "uart.c"
 Parameters:    Size  Location     Type
  tx_data         1    wreg     unsigned char 
 Auto vars:     Size  Location     Type
  tx_data         1   13[COMRAM] unsigned char 
 Return value:  Size  Location     Type
                  1    wreg      void 
 Registers used:
		wreg
 Tracked objects:
		On entry : 
		On exit  : 
		Unchanged: 
 Data sizes:     COMRAM   BANK0   BANK1   BANK2   BANK3   BANK4   BANK5   BANK6   BANK7
      Params:         0       0       0       0       0       0       0       0       0
      Locals:         1       0       0       0       0       0       0       0       0
      Temps:          0       0       0       0       0       0       0       0       0
      Totals:         1       0       0       0       0       0       0       0       0
Total ram usage:        1 bytes
 Hardware stack levels used:    1
 Hardware stack levels required when called:    2
 This function calls:
		Nothing
 This function is called by:
		_uart1_write_string
 This function uses a non-reentrant model


 *************** function _strlen *****************
 Defined at:
		line 4 in file "C:\Program Files (x86)\Microchip\xc8\v1.45\sources\common\strlen.c"
 Parameters:    Size  Location     Type
  s               2   13[COMRAM] PTR const unsigned char 
		 -> STR_26(398), command_exec@s_buffer(8), STR_19(6), STR_18(21), 
		 -> STR_16(6), STR_15(21), STR_13(6), STR_12(21), 
		 -> STR_10(6), STR_8(41), command(32), STR_7(30), 
		 -> STR_6(32), STR_5(21), STR_4(25), STR_3(47), 
		 -> STR_2(20), STR_1(5), 
 Auto vars:     Size  Location     Type
  cp              2   17[COMRAM] PTR const unsigned char 
		 -> STR_26(398), command_exec@s_buffer(8), STR_19(6), STR_18(21), 
		 -> STR_16(6), STR_15(21), STR_13(6), STR_12(21), 
		 -> STR_10(6), STR_8(41), command(32), STR_7(30), 
		 -> STR_6(32), STR_5(21), STR_4(25), STR_3(47), 
		 -> STR_2(20), STR_1(5), 
 Return value:  Size  Location     Type
                  2   13[COMRAM] unsigned int 
 Registers used:
		wreg, fsr0l, fsr0h, status,2, status,0, tblptrl, tblptrh, tblptru
 Tracked objects:
		On entry : 
		On exit  : 
		Unchanged: 
 Data sizes:     COMRAM   BANK0   BANK1   BANK2   BANK3   BANK4   BANK5   BANK6   BANK7
      Params:         2       0       0       0       0       0       0       0       0
      Locals:         2       0       0       0       0       0       0       0       0
      Temps:          2       0       0       0       0       0       0       0       0
      Totals:         6       0       0       0       0       0       0       0       0
Total ram usage:        6 bytes
 Hardware stack levels used:    1
 Hardware stack levels required when called:    2
 This function calls:
		Nothing
 This function is called by:
		_uart1_write_string
		_command_exec
 This function uses a non-reentrant model


 *************** function _strcmp *****************
 Defined at:
		line 33 in file "C:\Program Files (x86)\Microchip\xc8\v1.45\sources\common\strcmp.c"
 Parameters:    Size  Location     Type
  s1              2   13[COMRAM] PTR const unsigned char 
		 -> STR_24(5), STR_22(5), STR_20(5), STR_17(3), 
		 -> STR_14(3), STR_11(3), STR_9(5), 
  s2              2   15[COMRAM] PTR const unsigned char 
		 -> command_exec@c_cmd(3), command(32), 
 Auto vars:     Size  Location     Type
  r               1   18[COMRAM] char 
 Return value:  Size  Location     Type
                  2   13[COMRAM] int 
 Registers used:
		wreg, fsr2l, fsr2h, status,2, status,0, tblptrl, tblptrh, tblptru
 Tracked objects:
		On entry : 
		On exit  : 
		Unchanged: 
 Data sizes:     COMRAM   BANK0   BANK1   BANK2   BANK3   BANK4   BANK5   BANK6   BANK7
      Params:         4       0       0       0       0       0       0       0       0
      Locals:         1       0       0       0       0       0       0       0       0
      Temps:          1       0       0       0       0       0       0       0       0
      Totals:         6       0       0       0       0       0       0       0       0
Total ram usage:        6 bytes
 Hardware stack levels used:    1
 Hardware stack levels required when called:    2
 This function calls:
		Nothing
 This function is called by:
		_command_exec
 This function uses a non-reentrant model


 *************** function _sprintf *****************
 Defined at:
		line 492 in file "C:\Program Files (x86)\Microchip\xc8\v1.45\sources\common\doprnt.c"
 Parameters:    Size  Location     Type
  sp              2   25[COMRAM] PTR unsigned char 
		 -> command_exec@s_buffer(8), 
  f               2   27[COMRAM] PTR const unsigned char 
		 -> STR_25(5), STR_23(5), STR_21(5), 
 Auto vars:     Size  Location     Type
  tmpval          4    0        struct .
  cp              3    0        PTR const unsigned char 
  val             2   36[COMRAM] unsigned int 
  ap              2   32[COMRAM] PTR void [1]
		 -> ?_sprintf(2), 
  len             2    0        unsigned int 
  c               1   38[COMRAM] char 
  prec            1   35[COMRAM] char 
  flag            1   34[COMRAM] unsigned char 
 Return value:  Size  Location     Type
                  2   25[COMRAM] int 
 Registers used:
		wreg, fsr2l, fsr2h, status,2, status,0, tblptrl, tblptrh, tblptru, prodl, prodh, cstack
 Tracked objects:
		On entry : 
		On exit  : 
		Unchanged: 
 Data sizes:     COMRAM   BANK0   BANK1   BANK2   BANK3   BANK4   BANK5   BANK6   BANK7
      Params:         6       0       0       0       0       0       0       0       0
      Locals:         7       0       0       0       0       0       0       0       0
      Temps:          1       0       0       0       0       0       0       0       0
      Totals:        14       0       0       0       0       0       0       0       0
Total ram usage:       14 bytes
 Hardware stack levels used:    1
 Hardware stack levels required when called:    3
 This function calls:
		___lwdiv
		___lwmod
 This function is called by:
		_command_exec
 This function uses a non-reentrant model


 *************** function ___lwmod *****************
 Defined at:
		line 8 in file "C:\Program Files (x86)\Microchip\xc8\v1.45\sources\common\lwmod.c"
 Parameters:    Size  Location     Type
  dividend        2   20[COMRAM] unsigned int 
  divisor         2   22[COMRAM] unsigned int 
 Auto vars:     Size  Location     Type
  counter         1   24[COMRAM] unsigned char 
 Return value:  Size  Location     Type
                  2   20[COMRAM] unsigned int 
 Registers used:
		wreg, status,2, status,0
 Tracked objects:
		On entry : 
		On exit  : 
		Unchanged: 
 Data sizes:     COMRAM   BANK0   BANK1   BANK2   BANK3   BANK4   BANK5   BANK6   BANK7
      Params:         4       0       0       0       0       0       0       0       0
      Locals:         1       0       0       0       0       0       0       0       0
      Temps:          0       0       0       0       0       0       0       0       0
      Totals:         5       0       0       0       0       0       0       0       0
Total ram usage:        5 bytes
 Hardware stack levels used:    1
 Hardware stack levels required when called:    2
 This function calls:
		Nothing
 This function is called by:
		_sprintf
 This function uses a non-reentrant model


 *************** function ___lwdiv *****************
 Defined at:
		line 8 in file "C:\Program Files (x86)\Microchip\xc8\v1.45\sources\common\lwdiv.c"
 Parameters:    Size  Location     Type
  dividend        2   13[COMRAM] unsigned int 
  divisor         2   15[COMRAM] unsigned int 
 Auto vars:     Size  Location     Type
  quotient        2   17[COMRAM] unsigned int 
  counter         1   19[COMRAM] unsigned char 
 Return value:  Size  Location     Type
                  2   13[COMRAM] unsigned int 
 Registers used:
		wreg, status,2, status,0
 Tracked objects:
		On entry : 
		On exit  : 
		Unchanged: 
 Data sizes:     COMRAM   BANK0   BANK1   BANK2   BANK3   BANK4   BANK5   BANK6   BANK7
      Params:         4       0       0       0       0       0       0       0       0
      Locals:         3       0       0       0       0       0       0       0       0
      Temps:          0       0       0       0       0       0       0       0       0
      Totals:         7       0       0       0       0       0       0       0       0
Total ram usage:        7 bytes
 Hardware stack levels used:    1
 Hardware stack levels required when called:    2
 This function calls:
		Nothing
 This function is called by:
		_sprintf
 This function uses a non-reentrant model


 *************** function _read_eeprom *****************
 Defined at:
		line 30 in file "eeprom.c"
 Parameters:    Size  Location     Type
  addr            1    wreg     unsigned char 
 Auto vars:     Size  Location     Type
  addr            1   13[COMRAM] unsigned char 
 Return value:  Size  Location     Type
                  1    wreg      unsigned char 
 Registers used:
		wreg, status,2
 Tracked objects:
		On entry : 
		On exit  : 
		Unchanged: 
 Data sizes:     COMRAM   BANK0   BANK1   BANK2   BANK3   BANK4   BANK5   BANK6   BANK7
      Params:         0       0       0       0       0       0       0       0       0
      Locals:         1       0       0       0       0       0       0       0       0
      Temps:          0       0       0       0       0       0       0       0       0
      Totals:         1       0       0       0       0       0       0       0       0
Total ram usage:        1 bytes
 Hardware stack levels used:    1
 Hardware stack levels required when called:    2
 This function calls:
		Nothing
 This function is called by:
		_command_exec
		_traffic_lights_init
 This function uses a non-reentrant model


 *************** function _atoi *****************
 Defined at:
		line 5 in file "C:\Program Files (x86)\Microchip\xc8\v1.45\sources\common\atoi.c"
 Parameters:    Size  Location     Type
  s               2   19[COMRAM] PTR const unsigned char 
		 -> command_exec@c_param(3), 
 Auto vars:     Size  Location     Type
  a               2   24[COMRAM] int 
  sign            1   23[COMRAM] unsigned char 
 Return value:  Size  Location     Type
                  2   19[COMRAM] int 
 Registers used:
		wreg, fsr2l, fsr2h, status,2, status,0, prodl, prodh, cstack
 Tracked objects:
		On entry : 
		On exit  : 
		Unchanged: 
 Data sizes:     COMRAM   BANK0   BANK1   BANK2   BANK3   BANK4   BANK5   BANK6   BANK7
      Params:         2       0       0       0       0       0       0       0       0
      Locals:         3       0       0       0       0       0       0       0       0
      Temps:          2       0       0       0       0       0       0       0       0
      Totals:         7       0       0       0       0       0       0       0       0
Total ram usage:        7 bytes
 Hardware stack levels used:    1
 Hardware stack levels required when called:    3
 This function calls:
		___wmul
		_isdigit
 This function is called by:
		_command_exec
 This function uses a non-reentrant model


 *************** function _isdigit *****************
 Defined at:
		line 8 in file "C:\Program Files (x86)\Microchip\xc8\v1.45\sources\common\isdigit.c"
 Parameters:    Size  Location     Type
  c               1    wreg     unsigned char 
 Auto vars:     Size  Location     Type
  c               1   15[COMRAM] unsigned char 
 Return value:  Size  Location     Type
		None               void
 Registers used:
		wreg, status,2, status,0
 Tracked objects:
		On entry : 
		On exit  : 
		Unchanged: 
 Data sizes:     COMRAM   BANK0   BANK1   BANK2   BANK3   BANK4   BANK5   BANK6   BANK7
      Params:         0       0       0       0       0       0       0       0       0
      Locals:         2       0       0       0       0       0       0       0       0
      Temps:          1       0       0       0       0       0       0       0       0
      Totals:         3       0       0       0       0       0       0       0       0
Total ram usage:        3 bytes
 Hardware stack levels used:    1
 Hardware stack levels required when called:    2
 This function calls:
		Nothing
 This function is called by:
		_atoi
 This function uses a non-reentrant model


 *************** function ___wmul *****************
 Defined at:
		line 15 in file "C:\Program Files (x86)\Microchip\xc8\v1.45\sources\common\Umul16.c"
 Parameters:    Size  Location     Type
  multiplier      2   13[COMRAM] unsigned int 
  multiplicand    2   15[COMRAM] unsigned int 
 Auto vars:     Size  Location     Type
  product         2   17[COMRAM] unsigned int 
 Return value:  Size  Location     Type
                  2   13[COMRAM] unsigned int 
 Registers used:
		wreg, status,2, status,0, prodl, prodh
 Tracked objects:
		On entry : 
		On exit  : 
		Unchanged: 
 Data sizes:     COMRAM   BANK0   BANK1   BANK2   BANK3   BANK4   BANK5   BANK6   BANK7
      Params:         4       0       0       0       0       0       0       0       0
      Locals:         2       0       0       0       0       0       0       0       0
      Temps:          0       0       0       0       0       0       0       0       0
      Totals:         6       0       0       0       0       0       0       0       0
Total ram usage:        6 bytes
 Hardware stack levels used:    1
 Hardware stack levels required when called:    2
 This function calls:
		Nothing
 This function is called by:
		_atoi
 This function uses a non-reentrant model


 *************** function _Default_ISR *****************
 Defined at:
		line 37 in file "main.c"
 Parameters:    Size  Location     Type
		None
 Auto vars:     Size  Location     Type
		None
 Return value:  Size  Location     Type
                  2   54[None  ] int 
 Registers used:
		None
 Tracked objects:
		On entry : 
		On exit  : 
		Unchanged: 
 Data sizes:     COMRAM   BANK0   BANK1   BANK2   BANK3   BANK4   BANK5   BANK6   BANK7
      Params:         0       0       0       0       0       0       0       0       0
      Locals:         0       0       0       0       0       0       0       0       0
      Temps:          0       0       0       0       0       0       0       0       0
      Totals:         0       0       0       0       0       0       0       0       0
Total ram usage:        0 bytes
 Hardware stack levels used:    1
 This function calls:
		Nothing
 This function is called by:
		Interrupt level 2
 This function uses a non-reentrant model


 *************** function _isr_uart1_rx *****************
 Defined at:
		line 76 in file "uart.c"
 Parameters:    Size  Location     Type
		None
 Auto vars:     Size  Location     Type
		None
 Return value:  Size  Location     Type
                  1    wreg      void 
 Registers used:
		wreg, fsr2l, fsr2h, status,2, status,0, prodl, prodh, cstack
 Tracked objects:
		On entry : 
		On exit  : 
		Unchanged: 
 Data sizes:     COMRAM   BANK0   BANK1   BANK2   BANK3   BANK4   BANK5   BANK6   BANK7
      Params:         0       0       0       0       0       0       0       0       0
      Locals:         0       0       0       0       0       0       0       0       0
      Temps:          1       0       0       0       0       0       0       0       0
      Totals:         1       0       0       0       0       0       0       0       0
Total ram usage:        1 bytes
 Hardware stack levels used:    1
 Hardware stack levels required when called:    1
 This function calls:
		_memcpy
 This function is called by:
		Interrupt level 2
 This function uses a non-reentrant model


 *************** function _memcpy *****************
 Defined at:
		line 27 in file "C:\Program Files (x86)\Microchip\xc8\v1.45\sources\common\memcpy.c"
 Parameters:    Size  Location     Type
  d1              2    0[COMRAM] PTR void 
		 -> command(32), 
  s1              2    2[COMRAM] PTR const void 
		 -> uart_rx_buffer(32), 
  n               2    4[COMRAM] unsigned int 
 Auto vars:     Size  Location     Type
  s               2    8[COMRAM] PTR const unsigned char 
		 -> uart_rx_buffer(32), 
  d               2    6[COMRAM] PTR unsigned char 
		 -> command(32), 
  tmp             1   10[COMRAM] unsigned char 
 Return value:  Size  Location     Type
                  2    0[COMRAM] PTR void 
 Registers used:
		wreg, fsr2l, fsr2h, status,2, status,0
 Tracked objects:
		On entry : 
		On exit  : 
		Unchanged: 
 Data sizes:     COMRAM   BANK0   BANK1   BANK2   BANK3   BANK4   BANK5   BANK6   BANK7
      Params:         6       0       0       0       0       0       0       0       0
      Locals:         5       0       0       0       0       0       0       0       0
      Temps:          0       0       0       0       0       0       0       0       0
      Totals:        11       0       0       0       0       0       0       0       0
Total ram usage:       11 bytes
 Hardware stack levels used:    1
 This function calls:
		Nothing
 This function is called by:
		_isr_uart1_rx
 This function uses a non-reentrant model


 *************** function _tmr1_isr *****************
 Defined at:
		line 59 in file "traffic_lights.c"
 Parameters:    Size  Location     Type
		None
 Auto vars:     Size  Location     Type
		None
 Return value:  Size  Location     Type
                  1    wreg      void 
 Registers used:
		wreg, status,2, status,0
 Tracked objects:
		On entry : 
		On exit  : 
		Unchanged: 
 Data sizes:     COMRAM   BANK0   BANK1   BANK2   BANK3   BANK4   BANK5   BANK6   BANK7
      Params:         0       0       0       0       0       0       0       0       0
      Locals:         0       0       0       0       0       0       0       0       0
      Temps:          1       0       0       0       0       0       0       0       0
      Totals:         1       0       0       0       0       0       0       0       0
Total ram usage:        1 bytes
 Hardware stack levels used:    1
 This function calls:
		Nothing
 This function is called by:
		Interrupt level 2
 This function uses a non-reentrant model



MODULE INFORMATION

Module		Function		Class		Link	Load	Size
C:\Program Files (x86)\Microchip\xc8\v1.45\sources\common\doprnt.c
		_sprintf       		CODE           	0368	0000	385

C:\Program Files (x86)\Microchip\xc8\v1.45\sources\common\doprnt.c estimated size: 385

uart.c
		_uart1_write   		CODE           	0BFA	0000	17
		_uart1_init    		CODE           	0A36	0000	73
		_isr_uart1_rx  		CODE           	07F0	0000	123
		_uart1_write_string		CODE           	086A	0000	101
		_command_exec  		CODE           	00B2	0000	695

uart.c estimated size: 1009

C:\Program Files (x86)\Microchip\xc8\v1.45\sources\common\Umul16.c
		___wmul        		CODE           	0B7C	0000	47

C:\Program Files (x86)\Microchip\xc8\v1.45\sources\common\Umul16.c estimated size: 47

C:\Program Files (x86)\Microchip\xc8\v1.45\sources\common\isdigit.c
		_isdigit       		CODE           	0BAA	0000	33

C:\Program Files (x86)\Microchip\xc8\v1.45\sources\common\isdigit.c estimated size: 33

C:\Program Files (x86)\Microchip\xc8\v1.45\sources\common\memcpy.c
		_memcpy        		CODE           	09E0	0000	87

C:\Program Files (x86)\Microchip\xc8\v1.45\sources\common\memcpy.c estimated size: 87

C:\Program Files (x86)\Microchip\xc8\v1.45\sources\common\lwmod.c
		___lwmod       		CODE           	0AC4	0000	71

C:\Program Files (x86)\Microchip\xc8\v1.45\sources\common\lwmod.c estimated size: 71

eeprom.c
		_read_eeprom   		CODE           	0BCA	0000	27
		_write_eeprom  		CODE           	0A7E	0000	71

eeprom.c estimated size: 98

C:\Program Files (x86)\Microchip\xc8\v1.45\sources\common\atoi.c
		_atoi          		CODE           	04E8	0000	247

C:\Program Files (x86)\Microchip\xc8\v1.45\sources\common\atoi.c estimated size: 247

shared
		_dpowers       		MEDIUMCONST    	7D5B	0000	11
		__initialization		CODE           	0B4E	0000	37

shared estimated size: 48

C:\Program Files (x86)\Microchip\xc8\v1.45\sources\common\lwdiv.c
		___lwdiv       		CODE           	098A	0000	87

C:\Program Files (x86)\Microchip\xc8\v1.45\sources\common\lwdiv.c estimated size: 87

main.c
		_main          		CODE           	05DE	0000	193
		_Default_ISR   		CODE           	0C0C	0000	3

main.c estimated size: 196

C:\Program Files (x86)\Microchip\xc8\v1.45\sources\common\strlen.c
		_strlen        		CODE           	08CE	0000	99

C:\Program Files (x86)\Microchip\xc8\v1.45\sources\common\strlen.c estimated size: 99

C:\Program Files (x86)\Microchip\xc8\v1.45\sources\common\strcmp.c
		_strcmp        		CODE           	0930	0000	91

C:\Program Files (x86)\Microchip\xc8\v1.45\sources\common\strcmp.c estimated size: 91

traffic_lights.c
		_traffic_lights_init		CODE           	0752	0000	159
		_traffic_light_logic		CODE           	069E	0000	181
		_tmr1_isr      		CODE           	0B0C	0000	67
		_reset_timer1  		CODE           	0BE4	0000	23

traffic_lights.c estimated size: 430

